Build started 2/13/2026 1:05:24 PM.
Test run for E:\repos\BloogBot\Bot\Debug\x64\Navigation.Physics.Tests.dll (.NETCoreApp,Version=v8.0)
VSTest version 18.0.1 (x64)

Starting test execution, please wait...
A total of 1 test files matched the specified pattern.
[xUnit.net 00:00:00.00] xUnit.net VSTest Adapter v2.5.3.1+6b60a9e56a (64-bit .NET 8.0.23)
[xUnit.net 00:00:00.11]   Discovering: Navigation.Physics.Tests
[xUnit.net 00:00:00.18]   Discovered:  Navigation.Physics.Tests
[xUnit.net 00:00:00.18]   Starting:    Navigation.Physics.Tests
[PHYS][INFO][INIT] gPhysLogLevel=0 gPhysLogMask=0xffffffff
  Passed Navigation.Physics.Tests.PhysicsReplayTests.SwimForward_FrameByFrame_PositionMatchesRecording [9 s]
[xUnit.net 00:00:27.67]       Avg position error 0.2518y exceeds 0.13y tolerance
[xUnit.net 00:00:27.67]       Stack Trace:
[xUnit.net 00:00:27.67]         e:\repos\BloogBot\Tests\Navigation.Physics.Tests\PhysicsReplayTests.cs(599,0): at Navigation.Physics.Tests.PhysicsReplayTests.AssertPrecision(CalibrationResult result, Single avgTolerance, Single p99Tolerance)
[xUnit.net 00:00:27.67]         e:\repos\BloogBot\Tests\Navigation.Physics.Tests\PhysicsReplayTests.cs(109,0): at Navigation.Physics.Tests.PhysicsReplayTests.ElevatorRide_FrameByFrame_PositionMatchesRecording()
[xUnit.net 00:00:27.67]            at System.RuntimeMethodHandle.InvokeMethod(Object target, Void** arguments, Signature sig, Boolean isConstructor)
[xUnit.net 00:00:27.67]            at System.Reflection.MethodBaseInvoker.InvokeWithNoArgs(Object obj, BindingFlags invokeAttr)
[xUnit.net 00:00:27.67]       Output:
[xUnit.net 00:00:27.67]         Loading recording: Dralrahgra_Undercity_2026-02-12_19-29-23.json
[xUnit.net 00:00:27.67]           Frames: 1302, Duration: 21518ms, Race: Orc, Zone: Undercity
[xUnit.net 00:00:27.67]         Preloaded map 0
[xUnit.net 00:00:27.67]         === Calibration: elevator_ride ===
[xUnit.net 00:00:27.67]           Frames simulated: 1297 (skipped 4 transport transition(s))
[xUnit.net 00:00:27.67]           Transport frames simulated: 645
[xUnit.net 00:00:27.67]           Avg position error: 0.2518 yards
[xUnit.net 00:00:27.67]           P50: 0.0073y  P95: 1.0233y  P99: 1.0972y  Max: 1.7185y
[xUnit.net 00:00:27.67]           Avg horiz error: 0.0358 yards
[xUnit.net 00:00:27.67]           Avg vert error: 0.2323 yards
[xUnit.net 00:00:27.67]           Steady-state: n=1219  avg=0.2477y  P99=1.0424y
[xUnit.net 00:00:27.67]           Worst frame 534: sim=(1554.887,241.125,57.743) rec=(1554.887,241.125,56.024) mode=air flags=0x2001→0x2001
[xUnit.net 00:00:27.67]           --- Transition Breakdown ---
[xUnit.net 00:00:27.67]           [JumpStart] n=13  avg=0.6295y  p99=1.2221y  max=1.2221y
[xUnit.net 00:00:27.67]           [Landing] n=13  avg=0.0692y  p99=0.4631y  max=0.4631y
[xUnit.net 00:00:27.67]           [DirectionChange] n=46  avg=0.3342y  p99=1.0314y  max=1.0314y
[xUnit.net 00:00:27.67]           [Other] n=6  avg=0.0225y  p99=0.1353y  max=0.1353y
[xUnit.net 00:00:27.67]           [Transport] n=645  avg=0.0866y  p99=0.8974y  max=0.9331y
[xUnit.net 00:00:27.67]           --- Movement Mode Breakdown ---
[xUnit.net 00:00:27.67]           [transport] n=645  avg=0.0866y  p99=0.8974y  max=0.9331y
[xUnit.net 00:00:27.67]           [ground] n=515  avg=0.4796y  p99=1.0972y  max=1.0972y
[xUnit.net 00:00:27.67]           [air] n=101  avg=0.0427y  p99=1.2560y  max=1.7185y
[xUnit.net 00:00:27.67]           [transition] n=36  avg=0.5397y  p99=1.2221y  max=1.2221y
[xUnit.net 00:00:27.67]           Transport: 4 transitions, 645 on-transport frames simulated, 0 transport frames skipped
  Failed Navigation.Physics.Tests.PhysicsReplayTests.ElevatorRide_FrameByFrame_PositionMatchesRecording [17 s]
  Error Message:
   Avg position error 0.2518y exceeds 0.13y tolerance
  Stack Trace:
     at Navigation.Physics.Tests.PhysicsReplayTests.AssertPrecision(CalibrationResult result, Single avgTolerance, Single p99Tolerance) in e:\repos\BloogBot\Tests\Navigation.Physics.Tests\PhysicsReplayTests.cs:line 599
   at Navigation.Physics.Tests.PhysicsReplayTests.ElevatorRide_FrameByFrame_PositionMatchesRecording() in e:\repos\BloogBot\Tests\Navigation.Physics.Tests\PhysicsReplayTests.cs:line 109
   at System.RuntimeMethodHandle.InvokeMethod(Object target, Void** arguments, Signature sig, Boolean isConstructor)
   at System.Reflection.MethodBaseInvoker.InvokeWithNoArgs(Object obj, BindingFlags invokeAttr)
  Standard Output Messages:
 Loading recording: Dralrahgra_Undercity_2026-02-12_19-29-23.json
   Frames: 1302, Duration: 21518ms, Race: Orc, Zone: Undercity
 Preloaded map 0
 === Calibration: elevator_ride ===
   Frames simulated: 1297 (skipped 4 transport transition(s))
   Transport frames simulated: 645
   Avg position error: 0.2518 yards
   P50: 0.0073y  P95: 1.0233y  P99: 1.0972y  Max: 1.7185y
   Avg horiz error: 0.0358 yards
   Avg vert error: 0.2323 yards
   Steady-state: n=1219  avg=0.2477y  P99=1.0424y
   Worst frame 534: sim=(1554.887,241.125,57.743) rec=(1554.887,241.125,56.024) mode=air flags=0x2001→0x2001
   --- Transition Breakdown ---
   [JumpStart] n=13  avg=0.6295y  p99=1.2221y  max=1.2221y
   [Landing] n=13  avg=0.0692y  p99=0.4631y  max=0.4631y
   [DirectionChange] n=46  avg=0.3342y  p99=1.0314y  max=1.0314y
   [Other] n=6  avg=0.0225y  p99=0.1353y  max=0.1353y
   [Transport] n=645  avg=0.0866y  p99=0.8974y  max=0.9331y
   --- Movement Mode Breakdown ---
   [transport] n=645  avg=0.0866y  p99=0.8974y  max=0.9331y
   [ground] n=515  avg=0.4796y  p99=1.0972y  max=1.0972y
   [air] n=101  avg=0.0427y  p99=1.2560y  max=1.7185y
   [transition] n=36  avg=0.5397y  p99=1.2221y  max=1.2221y
   Transport: 4 transitions, 645 on-transport frames simulated, 0 transport frames skipped


[xUnit.net 00:01:05.30]       P99 position error 0.3001y exceeds 0.18y tolerance (max=1.3647y)
[xUnit.net 00:01:05.31]       Stack Trace:
[xUnit.net 00:01:05.31]         e:\repos\BloogBot\Tests\Navigation.Physics.Tests\PhysicsReplayTests.cs(602,0): at Navigation.Physics.Tests.PhysicsReplayTests.AssertPrecision(CalibrationResult result, Single avgTolerance, Single p99Tolerance)
[xUnit.net 00:01:05.31]         e:\repos\BloogBot\Tests\Navigation.Physics.Tests\PhysicsReplayTests.cs(32,0): at Navigation.Physics.Tests.PhysicsReplayTests.FlatRunForward_FrameByFrame_PositionMatchesRecording()
[xUnit.net 00:01:05.31]            at System.RuntimeMethodHandle.InvokeMethod(Object target, Void** arguments, Signature sig, Boolean isConstructor)
[xUnit.net 00:01:05.31]            at System.Reflection.MethodBaseInvoker.InvokeWithNoArgs(Object obj, BindingFlags invokeAttr)
[xUnit.net 00:01:05.31]       Output:
[xUnit.net 00:01:05.31]         Loading recording: Dralrahgra_Orgrimmar_2026-02-08_11-32-13.json
[xUnit.net 00:01:05.31]           Frames: 1237, Duration: 20390ms, Race: Orc, Zone: Orgrimmar
[xUnit.net 00:01:05.31]         Preloaded map 1
[xUnit.net 00:01:05.31]         === Calibration: Dralrahgra_Orgrimmar_2026-02-08_11-32-13 ===
[xUnit.net 00:01:05.31]           Frames simulated: 1236
[xUnit.net 00:01:05.31]           Avg position error: 0.0420 yards
[xUnit.net 00:01:05.31]           P50: 0.0141y  P95: 0.1224y  P99: 0.3001y  Max: 1.3647y
[xUnit.net 00:01:05.31]           Avg horiz error: 0.0335 yards
[xUnit.net 00:01:05.31]           Avg vert error: 0.0161 yards
[xUnit.net 00:01:05.31]           Steady-state: n=1227  avg=0.0401y  P99=0.2714y
[xUnit.net 00:01:05.31]           Recording artifacts: 2 Z-spike frames, 34 SPLINE_ELEVATION transitions
[xUnit.net 00:01:05.31]           Clean (excl artifacts): n=1200  avg=0.0394y  p99=0.2714y  max=0.5527y
[xUnit.net 00:01:05.31]           Worst frame 510: sim=(1679.845,-4339.251,48.193) rec=(1679.524,-4340.163,49.157) mode=transition flags=0x1→0x2001
[xUnit.net 00:01:05.31]           --- Transition Breakdown ---
[xUnit.net 00:01:05.31]           [JumpStart] n=4  avg=0.6560y  p99=1.3647y  max=1.3647y
[xUnit.net 00:01:05.31]           [Landing] n=4  avg=0.0032y  p99=0.0120y  max=0.0120y
[xUnit.net 00:01:05.31]           [DirectionChange] n=1  avg=0.1190y  p99=0.1190y  max=0.1190y
[xUnit.net 00:01:05.31]           --- Movement Mode Breakdown ---
[xUnit.net 00:01:05.31]           [ground] n=1208  avg=0.0405y  p99=0.2714y  max=0.6548y
[xUnit.net 00:01:05.31]           [air] n=23  avg=0.0103y  p99=0.0870y  max=0.0870y
[xUnit.net 00:01:05.31]           [transition] n=5  avg=0.5486y  p99=1.3647y  max=1.3647y
  Failed Navigation.Physics.Tests.PhysicsReplayTests.FlatRunForward_FrameByFrame_PositionMatchesRecording [37 s]
  Error Message:
   P99 position error 0.3001y exceeds 0.18y tolerance (max=1.3647y)
  Stack Trace:
     at Navigation.Physics.Tests.PhysicsReplayTests.AssertPrecision(CalibrationResult result, Single avgTolerance, Single p99Tolerance) in e:\repos\BloogBot\Tests\Navigation.Physics.Tests\PhysicsReplayTests.cs:line 602
   at Navigation.Physics.Tests.PhysicsReplayTests.FlatRunForward_FrameByFrame_PositionMatchesRecording() in e:\repos\BloogBot\Tests\Navigation.Physics.Tests\PhysicsReplayTests.cs:line 32
   at System.RuntimeMethodHandle.InvokeMethod(Object target, Void** arguments, Signature sig, Boolean isConstructor)
   at System.Reflection.MethodBaseInvoker.InvokeWithNoArgs(Object obj, BindingFlags invokeAttr)
  Standard Output Messages:
 Loading recording: Dralrahgra_Orgrimmar_2026-02-08_11-32-13.json
   Frames: 1237, Duration: 20390ms, Race: Orc, Zone: Orgrimmar
 Preloaded map 1
 === Calibration: Dralrahgra_Orgrimmar_2026-02-08_11-32-13 ===
   Frames simulated: 1236
   Avg position error: 0.0420 yards
   P50: 0.0141y  P95: 0.1224y  P99: 0.3001y  Max: 1.3647y
   Avg horiz error: 0.0335 yards
   Avg vert error: 0.0161 yards
   Steady-state: n=1227  avg=0.0401y  P99=0.2714y
   Recording artifacts: 2 Z-spike frames, 34 SPLINE_ELEVATION transitions
   Clean (excl artifacts): n=1200  avg=0.0394y  p99=0.2714y  max=0.5527y
   Worst frame 510: sim=(1679.845,-4339.251,48.193) rec=(1679.524,-4340.163,49.157) mode=transition flags=0x1→0x2001
   --- Transition Breakdown ---
   [JumpStart] n=4  avg=0.6560y  p99=1.3647y  max=1.3647y
   [Landing] n=4  avg=0.0032y  p99=0.0120y  max=0.0120y
   [DirectionChange] n=1  avg=0.1190y  p99=0.1190y  max=0.1190y
   --- Movement Mode Breakdown ---
   [ground] n=1208  avg=0.0405y  p99=0.2714y  max=0.6548y
   [air] n=23  avg=0.0103y  p99=0.0870y  max=0.0870y
   [transition] n=5  avg=0.5486y  p99=1.3647y  max=1.3647y


  Passed Navigation.Physics.Tests.PhysicsReplayTests.LongFlatRun_FrameByFrame_PositionMatchesRecording [1 m 1 s]
  Passed Navigation.Physics.Tests.PhysicsReplayTests.ComplexMixed_FrameByFrame_PositionMatchesRecording [14 s]
  Passed Navigation.Physics.Tests.PhysicsReplayTests.FallFromHeight_FrameByFrame_PositionMatchesRecording [4 s]
[xUnit.net 00:02:34.78]       Avg position error 0.7996y exceeds 0.065y tolerance
[xUnit.net 00:02:34.78]       Stack Trace:
[xUnit.net 00:02:34.78]         e:\repos\BloogBot\Tests\Navigation.Physics.Tests\PhysicsReplayTests.cs(599,0): at Navigation.Physics.Tests.PhysicsReplayTests.AssertPrecision(CalibrationResult result, Single avgTolerance, Single p99Tolerance)
[xUnit.net 00:02:34.78]         e:\repos\BloogBot\Tests\Navigation.Physics.Tests\PhysicsReplayTests.cs(86,0): at Navigation.Physics.Tests.PhysicsReplayTests.UndercityMixed_FrameByFrame_PositionMatchesRecording()
[xUnit.net 00:02:34.78]            at System.RuntimeMethodHandle.InvokeMethod(Object target, Void** arguments, Signature sig, Boolean isConstructor)
[xUnit.net 00:02:34.78]            at System.Reflection.MethodBaseInvoker.InvokeWithNoArgs(Object obj, BindingFlags invokeAttr)
[xUnit.net 00:02:34.78]       Output:
[xUnit.net 00:02:34.78]         Loading recording: Dralrahgra_Undercity_2026-02-08_11-30-52.json
[xUnit.net 00:02:34.78]           Frames: 988, Duration: 16268ms, Race: Orc, Zone: Undercity
[xUnit.net 00:02:34.78]         Preloaded map 0
[xUnit.net 00:02:34.78]         === Calibration: Dralrahgra_Undercity_2026-02-08_11-30-52 ===
[xUnit.net 00:02:34.78]           Frames simulated: 511 (skipped 5 transport transition(s), 471 transport frame(s) [no GO data])
[xUnit.net 00:02:34.78]           Avg position error: 0.7996 yards
[xUnit.net 00:02:34.78]           P50: 1.2280y  P95: 1.5094y  P99: 1.8131y  Max: 3.6312y
[xUnit.net 00:02:34.78]           Avg horiz error: 0.0211 yards
[xUnit.net 00:02:34.78]           Avg vert error: 0.7919 yards
[xUnit.net 00:02:34.78]           Steady-state: n=503  avg=0.7975y  P99=1.8131y
[xUnit.net 00:02:34.78]           Worst frame 800: sim=(1583.767,241.003,63.781) rec=(1583.752,241.054,60.151) mode=ground flags=0x1→0x1
[xUnit.net 00:02:34.78]           --- Transition Breakdown ---
[xUnit.net 00:02:34.78]           [Landing] n=1  avg=0.0001y  p99=0.0001y  max=0.0001y
[xUnit.net 00:02:34.78]           [DirectionChange] n=7  avg=1.0638y  p99=1.5058y  max=1.5058y
[xUnit.net 00:02:34.78]           --- Movement Mode Breakdown ---
[xUnit.net 00:02:34.78]           [ground] n=480  avg=0.8357y  p99=1.8591y  max=3.6312y
[xUnit.net 00:02:34.78]           [air] n=24  avg=0.0000y  p99=0.0001y  max=0.0001y
[xUnit.net 00:02:34.78]           [transition] n=7  avg=1.0638y  p99=1.5058y  max=1.5058y
  Failed Navigation.Physics.Tests.PhysicsReplayTests.UndercityMixed_FrameByFrame_PositionMatchesRecording [9 s]
  Error Message:
   Avg position error 0.7996y exceeds 0.065y tolerance
  Stack Trace:
     at Navigation.Physics.Tests.PhysicsReplayTests.AssertPrecision(CalibrationResult result, Single avgTolerance, Single p99Tolerance) in e:\repos\BloogBot\Tests\Navigation.Physics.Tests\PhysicsReplayTests.cs:line 599
   at Navigation.Physics.Tests.PhysicsReplayTests.UndercityMixed_FrameByFrame_PositionMatchesRecording() in e:\repos\BloogBot\Tests\Navigation.Physics.Tests\PhysicsReplayTests.cs:line 86
   at System.RuntimeMethodHandle.InvokeMethod(Object target, Void** arguments, Signature sig, Boolean isConstructor)
   at System.Reflection.MethodBaseInvoker.InvokeWithNoArgs(Object obj, BindingFlags invokeAttr)
  Standard Output Messages:
 Loading recording: Dralrahgra_Undercity_2026-02-08_11-30-52.json
   Frames: 988, Duration: 16268ms, Race: Orc, Zone: Undercity
 Preloaded map 0
 === Calibration: Dralrahgra_Undercity_2026-02-08_11-30-52 ===
   Frames simulated: 511 (skipped 5 transport transition(s), 471 transport frame(s) [no GO data])
   Avg position error: 0.7996 yards
   P50: 1.2280y  P95: 1.5094y  P99: 1.8131y  Max: 3.6312y
   Avg horiz error: 0.0211 yards
   Avg vert error: 0.7919 yards
   Steady-state: n=503  avg=0.7975y  P99=1.8131y
   Worst frame 800: sim=(1583.767,241.003,63.781) rec=(1583.752,241.054,60.151) mode=ground flags=0x1→0x1
   --- Transition Breakdown ---
   [Landing] n=1  avg=0.0001y  p99=0.0001y  max=0.0001y
   [DirectionChange] n=7  avg=1.0638y  p99=1.5058y  max=1.5058y
   --- Movement Mode Breakdown ---
   [ground] n=480  avg=0.8357y  p99=1.8591y  max=3.6312y
   [air] n=24  avg=0.0000y  p99=0.0001y  max=0.0001y
   [transition] n=7  avg=1.0638y  p99=1.5058y  max=1.5058y


[xUnit.net 00:03:17.71]       P99 position error 1.1154y exceeds 0.42y tolerance (max=1.2000y)
[xUnit.net 00:03:17.72]       Stack Trace:
[xUnit.net 00:03:17.72]         e:\repos\BloogBot\Tests\Navigation.Physics.Tests\PhysicsReplayTests.cs(602,0): at Navigation.Physics.Tests.PhysicsReplayTests.AssertPrecision(CalibrationResult result, Single avgTolerance, Single p99Tolerance)
[xUnit.net 00:03:17.72]         e:\repos\BloogBot\Tests\Navigation.Physics.Tests\PhysicsReplayTests.cs(50,0): at Navigation.Physics.Tests.PhysicsReplayTests.StandingJump_FrameByFrame_PositionMatchesRecording()
[xUnit.net 00:03:17.72]            at System.RuntimeMethodHandle.InvokeMethod(Object target, Void** arguments, Signature sig, Boolean isConstructor)
[xUnit.net 00:03:17.72]            at System.Reflection.MethodBaseInvoker.InvokeWithNoArgs(Object obj, BindingFlags invokeAttr)
[xUnit.net 00:03:17.72]       Output:
[xUnit.net 00:03:17.72]         Loading recording: Dralrahgra_Orgrimmar_2026-02-08_11-31-46.json
[xUnit.net 00:03:17.72]           Frames: 1884, Duration: 31032ms, Race: Orc, Zone: Orgrimmar
[xUnit.net 00:03:17.72]         Preloaded map 1
[xUnit.net 00:03:17.72]         === Calibration: Dralrahgra_Orgrimmar_2026-02-08_11-31-46 ===
[xUnit.net 00:03:17.72]           Frames simulated: 1883
[xUnit.net 00:03:17.72]           Avg position error: 0.0573 yards
[xUnit.net 00:03:17.72]           P50: 0.0072y  P95: 0.1882y  P99: 1.1154y  Max: 1.2000y
[xUnit.net 00:03:17.72]           Avg horiz error: 0.0301 yards
[xUnit.net 00:03:17.72]           Avg vert error: 0.0347 yards
[xUnit.net 00:03:17.72]           Steady-state: n=1740  avg=0.0519y  P99=1.1154y
[xUnit.net 00:03:17.72]           Recording artifacts: 2 Z-spike frames, 10 SPLINE_ELEVATION transitions
[xUnit.net 00:03:17.72]           Clean (excl artifacts): n=1871  avg=0.0565y  p99=1.1154y  max=1.2000y
[xUnit.net 00:03:17.72]           Worst frame 327: sim=(1632.234,-4372.529,29.562) rec=(1632.182,-4372.551,30.760) mode=ground flags=0x1→0x1
[xUnit.net 00:03:17.72]           --- Transition Breakdown ---
[xUnit.net 00:03:17.72]           [JumpStart] n=17  avg=0.2842y  p99=1.1180y  max=1.1180y
[xUnit.net 00:03:17.72]           [Landing] n=17  avg=0.0006y  p99=0.0020y  max=0.0020y
[xUnit.net 00:03:17.72]           [DirectionChange] n=105  avg=0.1223y  p99=0.9960y  max=1.1620y
[xUnit.net 00:03:17.72]           [Other] n=4  avg=0.0000y  p99=0.0000y  max=0.0000y
[xUnit.net 00:03:17.72]           --- Movement Mode Breakdown ---
[xUnit.net 00:03:17.72]           [ground] n=1561  avg=0.0541y  p99=1.1154y  max=1.2000y
[xUnit.net 00:03:17.72]           [air] n=200  avg=0.0292y  p99=0.4169y  max=0.4374y
[xUnit.net 00:03:17.72]           [transition] n=122  avg=0.1449y  p99=1.1180y  max=1.1620y
  Failed Navigation.Physics.Tests.PhysicsReplayTests.StandingJump_FrameByFrame_PositionMatchesRecording [42 s]
  Error Message:
   P99 position error 1.1154y exceeds 0.42y tolerance (max=1.2000y)
  Stack Trace:
     at Navigation.Physics.Tests.PhysicsReplayTests.AssertPrecision(CalibrationResult result, Single avgTolerance, Single p99Tolerance) in e:\repos\BloogBot\Tests\Navigation.Physics.Tests\PhysicsReplayTests.cs:line 602
   at Navigation.Physics.Tests.PhysicsReplayTests.StandingJump_FrameByFrame_PositionMatchesRecording() in e:\repos\BloogBot\Tests\Navigation.Physics.Tests\PhysicsReplayTests.cs:line 50
   at System.RuntimeMethodHandle.InvokeMethod(Object target, Void** arguments, Signature sig, Boolean isConstructor)
   at System.Reflection.MethodBaseInvoker.InvokeWithNoArgs(Object obj, BindingFlags invokeAttr)
  Standard Output Messages:
 Loading recording: Dralrahgra_Orgrimmar_2026-02-08_11-31-46.json
   Frames: 1884, Duration: 31032ms, Race: Orc, Zone: Orgrimmar
 Preloaded map 1
 === Calibration: Dralrahgra_Orgrimmar_2026-02-08_11-31-46 ===
   Frames simulated: 1883
   Avg position error: 0.0573 yards
   P50: 0.0072y  P95: 0.1882y  P99: 1.1154y  Max: 1.2000y
   Avg horiz error: 0.0301 yards
   Avg vert error: 0.0347 yards
   Steady-state: n=1740  avg=0.0519y  P99=1.1154y
   Recording artifacts: 2 Z-spike frames, 10 SPLINE_ELEVATION transitions
   Clean (excl artifacts): n=1871  avg=0.0565y  p99=1.1154y  max=1.2000y
   Worst frame 327: sim=(1632.234,-4372.529,29.562) rec=(1632.182,-4372.551,30.760) mode=ground flags=0x1→0x1
   --- Transition Breakdown ---
   [JumpStart] n=17  avg=0.2842y  p99=1.1180y  max=1.1180y
   [Landing] n=17  avg=0.0006y  p99=0.0020y  max=0.0020y
   [DirectionChange] n=105  avg=0.1223y  p99=0.9960y  max=1.1620y
   [Other] n=4  avg=0.0000y  p99=0.0000y  max=0.0000y
   --- Movement Mode Breakdown ---
   [ground] n=1561  avg=0.0541y  p99=1.1154y  max=1.2000y
   [air] n=200  avg=0.0292y  p99=0.4169y  max=0.4374y
   [transition] n=122  avg=0.1449y  p99=1.1180y  max=1.1620y


[xUnit.net 00:05:10.90]       P99 position error 0.9141y exceeds 0.42y tolerance (max=2.1611y)
[xUnit.net 00:05:10.91]       Stack Trace:
[xUnit.net 00:05:10.91]         e:\repos\BloogBot\Tests\Navigation.Physics.Tests\PhysicsReplayTests.cs(602,0): at Navigation.Physics.Tests.PhysicsReplayTests.AssertPrecision(CalibrationResult result, Single avgTolerance, Single p99Tolerance)
[xUnit.net 00:05:10.91]         e:\repos\BloogBot\Tests\Navigation.Physics.Tests\PhysicsReplayTests.cs(57,0): at Navigation.Physics.Tests.PhysicsReplayTests.RunningJumps_FrameByFrame_PositionMatchesRecording()
[xUnit.net 00:05:10.91]            at System.RuntimeMethodHandle.InvokeMethod(Object target, Void** arguments, Signature sig, Boolean isConstructor)
[xUnit.net 00:05:10.91]            at System.Reflection.MethodBaseInvoker.InvokeWithNoArgs(Object obj, BindingFlags invokeAttr)
[xUnit.net 00:05:10.91]       Output:
[xUnit.net 00:05:10.91]         Loading recording: Dralrahgra_Orgrimmar_2026-02-08_11-01-15.json
[xUnit.net 00:05:10.91]           Frames: 4205, Duration: 69257ms, Race: Orc, Zone: Orgrimmar
[xUnit.net 00:05:10.91]         Preloaded map 1
[xUnit.net 00:05:10.91]         === Calibration: Dralrahgra_Orgrimmar_2026-02-08_11-01-15 ===
[xUnit.net 00:05:10.91]           Frames simulated: 4204
[xUnit.net 00:05:10.91]           Avg position error: 0.0572 yards
[xUnit.net 00:05:10.91]           P50: 0.0075y  P95: 0.1672y  P99: 0.9141y  Max: 2.1611y
[xUnit.net 00:05:10.91]           Avg horiz error: 0.0308 yards
[xUnit.net 00:05:10.91]           Avg vert error: 0.0334 yards
[xUnit.net 00:05:10.91]           Steady-state: n=4033  avg=0.0537y  P99=0.8453y
[xUnit.net 00:05:10.91]           Recording artifacts: 4 Z-spike frames, 22 SPLINE_ELEVATION transitions
[xUnit.net 00:05:10.91]           Clean (excl artifacts): n=4178  avg=0.0555y  p99=0.8804y  max=2.1611y
[xUnit.net 00:05:10.91]           Worst frame 3917: sim=(1654.950,-4336.529,58.834) rec=(1654.954,-4336.515,60.995) mode=ground flags=0x1→0x1
[xUnit.net 00:05:10.91]           --- Transition Breakdown ---
[xUnit.net 00:05:10.91]           [JumpStart] n=28  avg=0.4655y  p99=1.8503y  max=1.8503y
[xUnit.net 00:05:10.91]           [Landing] n=28  avg=0.0149y  p99=0.3301y  max=0.3301y
[xUnit.net 00:05:10.91]           [DirectionChange] n=112  avg=0.0955y  p99=0.9953y  max=1.0526y
[xUnit.net 00:05:10.91]           [Other] n=3  avg=0.0000y  p99=0.0000y  max=0.0000y
[xUnit.net 00:05:10.91]           --- Movement Mode Breakdown ---
[xUnit.net 00:05:10.91]           [ground] n=3600  avg=0.0500y  p99=0.5396y  max=2.1611y
[xUnit.net 00:05:10.91]           [air] n=464  avg=0.0794y  p99=0.9717y  max=0.9923y
[xUnit.net 00:05:10.91]           [transition] n=140  avg=0.1695y  p99=1.1251y  max=1.8503y
[xUnit.net 00:05:10.91]   Finished:    Navigation.Physics.Tests
[DynObjReg] Loaded 930 displayId mappings from E:\repos\BloogBot\Bot\Debug\net8.0/vmaps/temp_gameobject_models
[DynObjReg] Loaded model 'Undeadelevatordoor.m2': 8 vertices, 12 triangles
[DynObjReg] Loaded model 'Undeadelevator.m2': 36 vertices, 68 triangles
[DynObjReg] Loaded model 'Orgrimmardoor.m2': 8 vertices, 12 triangles
[DynObjReg] Loaded model 'Hordeonyxiatrophypost.m2': 58 vertices, 98 triangles
[DynObjReg] Loaded model 'Hordenefarianpost.m2': 58 vertices, 98 triangles
  Failed Navigation.Physics.Tests.PhysicsReplayTests.RunningJumps_FrameByFrame_PositionMatchesRecording [1 m 53 s]
  Error Message:
   P99 position error 0.9141y exceeds 0.42y tolerance (max=2.1611y)
  Stack Trace:
     at Navigation.Physics.Tests.PhysicsReplayTests.AssertPrecision(CalibrationResult result, Single avgTolerance, Single p99Tolerance) in e:\repos\BloogBot\Tests\Navigation.Physics.Tests\PhysicsReplayTests.cs:line 602
   at Navigation.Physics.Tests.PhysicsReplayTests.RunningJumps_FrameByFrame_PositionMatchesRecording() in e:\repos\BloogBot\Tests\Navigation.Physics.Tests\PhysicsReplayTests.cs:line 57
   at System.RuntimeMethodHandle.InvokeMethod(Object target, Void** arguments, Signature sig, Boolean isConstructor)
   at System.Reflection.MethodBaseInvoker.InvokeWithNoArgs(Object obj, BindingFlags invokeAttr)
  Standard Output Messages:
 Loading recording: Dralrahgra_Orgrimmar_2026-02-08_11-01-15.json
   Frames: 4205, Duration: 69257ms, Race: Orc, Zone: Orgrimmar
 Preloaded map 1
 === Calibration: Dralrahgra_Orgrimmar_2026-02-08_11-01-15 ===
   Frames simulated: 4204
   Avg position error: 0.0572 yards
   P50: 0.0075y  P95: 0.1672y  P99: 0.9141y  Max: 2.1611y
   Avg horiz error: 0.0308 yards
   Avg vert error: 0.0334 yards
   Steady-state: n=4033  avg=0.0537y  P99=0.8453y
   Recording artifacts: 4 Z-spike frames, 22 SPLINE_ELEVATION transitions
   Clean (excl artifacts): n=4178  avg=0.0555y  p99=0.8804y  max=2.1611y
   Worst frame 3917: sim=(1654.950,-4336.529,58.834) rec=(1654.954,-4336.515,60.995) mode=ground flags=0x1→0x1
   --- Transition Breakdown ---
   [JumpStart] n=28  avg=0.4655y  p99=1.8503y  max=1.8503y
   [Landing] n=28  avg=0.0149y  p99=0.3301y  max=0.3301y
   [DirectionChange] n=112  avg=0.0955y  p99=0.9953y  max=1.0526y
   [Other] n=3  avg=0.0000y  p99=0.0000y  max=0.0000y
   --- Movement Mode Breakdown ---
   [ground] n=3600  avg=0.0500y  p99=0.5396y  max=2.1611y
   [air] n=464  avg=0.0794y  p99=0.9717y  max=0.9923y
   [transition] n=140  avg=0.1695y  p99=1.1251y  max=1.8503y



Total tests: 9
     Passed: 4
     Failed: 5
 Total time: 5.1933 Minutes
     1>Project "E:\repos\BloogBot\Tests\Navigation.Physics.Tests\Navigation.Physics.Tests.csproj" on node 1 (VSTest target(s)).
     1>_VSTestConsole:
         MSB4181: The "VSTestTask" task returned false but did not log an error.
     1>Done Building Project "E:\repos\BloogBot\Tests\Navigation.Physics.Tests\Navigation.Physics.Tests.csproj" (VSTest target(s)) -- FAILED.

Build FAILED.
    0 Warning(s)
    0 Error(s)

Time Elapsed 00:05:12.34
